Archive member included because of file (symbol)

/home/strnbrg59/usr/avr/gcc422-based/bin/../lib/gcc/avr/4.2.2/avr25/libgcc.a(_exit.o)
                              /home/strnbrg59/usr/avr/gcc422-based/bin/../lib/gcc/avr/4.2.2/../../../../avr/lib/avr25/crttn85.o (exit)
/home/strnbrg59/usr/avr/gcc422-based/bin/../lib/gcc/avr/4.2.2/avr25/libgcc.a(_copy_data.o)
                              attiny85.o (__do_copy_data)
/home/strnbrg59/usr/avr/gcc422-based/bin/../lib/gcc/avr/4.2.2/avr25/libgcc.a(_clear_bss.o)
                              attiny85.o (__do_clear_bss)
/home/strnbrg59/usr/avr/gcc422-based/bin/../lib/gcc/avr/4.2.2/avr25/libgcc.a(_fixunssfsi.o)
                              attiny85.o (__fixunssfsi)
/home/strnbrg59/usr/avr/gcc422-based/bin/../lib/gcc/avr/4.2.2/avr25/libgcc.a(_addsub_sf.o)
                              /home/strnbrg59/usr/avr/gcc422-based/bin/../lib/gcc/avr/4.2.2/avr25/libgcc.a(_fixunssfsi.o) (__subsf3)
/home/strnbrg59/usr/avr/gcc422-based/bin/../lib/gcc/avr/4.2.2/avr25/libgcc.a(_mul_sf.o)
                              attiny85.o (__mulsf3)
/home/strnbrg59/usr/avr/gcc422-based/bin/../lib/gcc/avr/4.2.2/avr25/libgcc.a(_div_sf.o)
                              attiny85.o (__divsf3)
/home/strnbrg59/usr/avr/gcc422-based/bin/../lib/gcc/avr/4.2.2/avr25/libgcc.a(_gt_sf.o)
                              attiny85.o (__gtsf2)
/home/strnbrg59/usr/avr/gcc422-based/bin/../lib/gcc/avr/4.2.2/avr25/libgcc.a(_ge_sf.o)
                              /home/strnbrg59/usr/avr/gcc422-based/bin/../lib/gcc/avr/4.2.2/avr25/libgcc.a(_fixunssfsi.o) (__gesf2)
/home/strnbrg59/usr/avr/gcc422-based/bin/../lib/gcc/avr/4.2.2/avr25/libgcc.a(_lt_sf.o)
                              attiny85.o (__ltsf2)
/home/strnbrg59/usr/avr/gcc422-based/bin/../lib/gcc/avr/4.2.2/avr25/libgcc.a(_si_to_sf.o)
                              attiny85.o (__floatsisf)
/home/strnbrg59/usr/avr/gcc422-based/bin/../lib/gcc/avr/4.2.2/avr25/libgcc.a(_sf_to_si.o)
                              /home/strnbrg59/usr/avr/gcc422-based/bin/../lib/gcc/avr/4.2.2/avr25/libgcc.a(_fixunssfsi.o) (__fixsfsi)
/home/strnbrg59/usr/avr/gcc422-based/bin/../lib/gcc/avr/4.2.2/avr25/libgcc.a(_thenan_sf.o)
                              /home/strnbrg59/usr/avr/gcc422-based/bin/../lib/gcc/avr/4.2.2/avr25/libgcc.a(_addsub_sf.o) (__thenan_sf)
/home/strnbrg59/usr/avr/gcc422-based/bin/../lib/gcc/avr/4.2.2/avr25/libgcc.a(_prologue.o)
                              /home/strnbrg59/usr/avr/gcc422-based/bin/../lib/gcc/avr/4.2.2/avr25/libgcc.a(_addsub_sf.o) (__prologue_saves__)
/home/strnbrg59/usr/avr/gcc422-based/bin/../lib/gcc/avr/4.2.2/avr25/libgcc.a(_epilogue.o)
                              /home/strnbrg59/usr/avr/gcc422-based/bin/../lib/gcc/avr/4.2.2/avr25/libgcc.a(_addsub_sf.o) (__epilogue_restores__)
/home/strnbrg59/usr/avr/gcc422-based/bin/../lib/gcc/avr/4.2.2/avr25/libgcc.a(_clzsi2.o)
                              /home/strnbrg59/usr/avr/gcc422-based/bin/../lib/gcc/avr/4.2.2/avr25/libgcc.a(_si_to_sf.o) (__clzsi2)
/home/strnbrg59/usr/avr/gcc422-based/bin/../lib/gcc/avr/4.2.2/avr25/libgcc.a(_pack_sf.o)
                              /home/strnbrg59/usr/avr/gcc422-based/bin/../lib/gcc/avr/4.2.2/avr25/libgcc.a(_addsub_sf.o) (__pack_f)
/home/strnbrg59/usr/avr/gcc422-based/bin/../lib/gcc/avr/4.2.2/avr25/libgcc.a(_unpack_sf.o)
                              /home/strnbrg59/usr/avr/gcc422-based/bin/../lib/gcc/avr/4.2.2/avr25/libgcc.a(_addsub_sf.o) (__unpack_f)
/home/strnbrg59/usr/avr/gcc422-based/bin/../lib/gcc/avr/4.2.2/avr25/libgcc.a(_fpcmp_parts_sf.o)
                              /home/strnbrg59/usr/avr/gcc422-based/bin/../lib/gcc/avr/4.2.2/avr25/libgcc.a(_gt_sf.o) (__fpcmp_parts_f)
/home/strnbrg59/usr/avr/gcc422-based/bin/../lib/gcc/avr/4.2.2/avr25/libgcc.a(_clz.o)
                              /home/strnbrg59/usr/avr/gcc422-based/bin/../lib/gcc/avr/4.2.2/avr25/libgcc.a(_clzsi2.o) (__clz_tab)

Memory Configuration

Name             Origin             Length             Attributes
text             0x00000000         0x00002000         xr
data             0x00800060         0x0000ffa0         rw !x
eeprom           0x00810000         0x00010000         rw !x
fuse             0x00820000         0x00000400         rw !x
lock             0x00830000         0x00000400         rw !x
signature        0x00840000         0x00000400         rw !x
*default*        0x00000000         0xffffffff

Linker script and memory map

LOAD /home/strnbrg59/usr/avr/gcc422-based/bin/../lib/gcc/avr/4.2.2/../../../../avr/lib/avr25/crttn85.o
LOAD attiny85.o
LOAD /home/strnbrg59/usr/avr/gcc422-based/bin/../lib/gcc/avr/4.2.2/avr25/libgcc.a
LOAD /home/strnbrg59/usr/avr/gcc422-based/bin/../lib/gcc/avr/4.2.2/../../../../avr/lib/avr25/libm.a
LOAD /home/strnbrg59/usr/avr/gcc422-based/bin/../lib/gcc/avr/4.2.2/avr25/libgcc.a
LOAD /home/strnbrg59/usr/avr/gcc422-based/bin/../lib/gcc/avr/4.2.2/../../../../avr/lib/avr25/libc.a
LOAD /home/strnbrg59/usr/avr/gcc422-based/bin/../lib/gcc/avr/4.2.2/avr25/libgcc.a

.hash
 *(.hash)

.dynsym
 *(.dynsym)

.dynstr
 *(.dynstr)

.gnu.version
 *(.gnu.version)

.gnu.version_d
 *(.gnu.version_d)

.gnu.version_r
 *(.gnu.version_r)

.rel.init
 *(.rel.init)

.rela.init
 *(.rela.init)

.rel.text
 *(.rel.text)
 *(.rel.text.*)
 *(.rel.gnu.linkonce.t*)

.rela.text
 *(.rela.text)
 *(.rela.text.*)
 *(.rela.gnu.linkonce.t*)

.rel.fini
 *(.rel.fini)

.rela.fini
 *(.rela.fini)

.rel.rodata
 *(.rel.rodata)
 *(.rel.rodata.*)
 *(.rel.gnu.linkonce.r*)

.rela.rodata
 *(.rela.rodata)
 *(.rela.rodata.*)
 *(.rela.gnu.linkonce.r*)

.rel.data
 *(.rel.data)
 *(.rel.data.*)
 *(.rel.gnu.linkonce.d*)

.rela.data
 *(.rela.data)
 *(.rela.data.*)
 *(.rela.gnu.linkonce.d*)

.rel.ctors
 *(.rel.ctors)

.rela.ctors
 *(.rela.ctors)

.rel.dtors
 *(.rel.dtors)

.rela.dtors
 *(.rela.dtors)

.rel.got
 *(.rel.got)

.rela.got
 *(.rela.got)

.rel.bss
 *(.rel.bss)

.rela.bss
 *(.rela.bss)

.rel.plt
 *(.rel.plt)

.rela.plt
 *(.rela.plt)

.text           0x00000000     0x117a
 *(.vectors)
 .vectors       0x00000000       0x1e /home/strnbrg59/usr/avr/gcc422-based/bin/../lib/gcc/avr/4.2.2/../../../../avr/lib/avr25/crttn85.o
                0x00000000                __vectors
                0x00000000                __vector_default
 *(.vectors)
 *(.progmem.gcc*)
 *(.progmem*)
                0x0000001e                . = ALIGN (0x2)
                0x0000001e                __trampolines_start = .
 *(.trampolines)
 .trampolines   0x0000001e        0x0 linker stubs
 *(.trampolines*)
                0x0000001e                __trampolines_end = .
 *(.jumptables)
 *(.jumptables*)
 *(.lowtext)
 *(.lowtext*)
                0x0000001e                __ctors_start = .
 *(.ctors)
                0x0000001e                __ctors_end = .
                0x0000001e                __dtors_start = .
 *(.dtors)
                0x0000001e                __dtors_end = .
 SORT(*)(.ctors)
 SORT(*)(.dtors)
 *(.init0)
 .init0         0x0000001e        0x0 /home/strnbrg59/usr/avr/gcc422-based/bin/../lib/gcc/avr/4.2.2/../../../../avr/lib/avr25/crttn85.o
                0x0000001e                __init
 *(.init0)
 *(.init1)
 *(.init1)
 *(.init2)
 .init2         0x0000001e        0xc /home/strnbrg59/usr/avr/gcc422-based/bin/../lib/gcc/avr/4.2.2/../../../../avr/lib/avr25/crttn85.o
 *(.init2)
 *(.init3)
 *(.init3)
 *(.init4)
 .init4         0x0000002a       0x16 /home/strnbrg59/usr/avr/gcc422-based/bin/../lib/gcc/avr/4.2.2/avr25/libgcc.a(_copy_data.o)
                0x0000002a                __do_copy_data
 .init4         0x00000040       0x10 /home/strnbrg59/usr/avr/gcc422-based/bin/../lib/gcc/avr/4.2.2/avr25/libgcc.a(_clear_bss.o)
                0x00000040                __do_clear_bss
 *(.init4)
 *(.init5)
 *(.init5)
 *(.init6)
 *(.init6)
 *(.init7)
 *(.init7)
 *(.init8)
 *(.init8)
 *(.init9)
 .init9         0x00000050        0x4 /home/strnbrg59/usr/avr/gcc422-based/bin/../lib/gcc/avr/4.2.2/../../../../avr/lib/avr25/crttn85.o
 *(.init9)
 *(.text)
 .text          0x00000054        0x2 /home/strnbrg59/usr/avr/gcc422-based/bin/../lib/gcc/avr/4.2.2/../../../../avr/lib/avr25/crttn85.o
                0x00000054                __vector_1
                0x00000054                __vector_12
                0x00000054                __bad_interrupt
                0x00000054                __vector_6
                0x00000054                __vector_3
                0x00000054                __vector_11
                0x00000054                __vector_13
                0x00000054                __vector_7
                0x00000054                __vector_5
                0x00000054                __vector_4
                0x00000054                __vector_9
                0x00000054                __vector_2
                0x00000054                __vector_8
                0x00000054                __vector_14
                0x00000054                __vector_10
 .text          0x00000056      0x390 attiny85.o
                0x000000aa                BitBangUART::putch(char)
                0x0000037e                BitBangUART::puts(char const*)
                0x00000056                BitBangUART::BitBangUART(long)
                0x000003ac                main
                0x00000080                BitBangUART::BitBangUART(long)
 .text          0x000003e6        0x0 /home/strnbrg59/usr/avr/gcc422-based/bin/../lib/gcc/avr/4.2.2/avr25/libgcc.a(_exit.o)
 .text          0x000003e6        0x0 /home/strnbrg59/usr/avr/gcc422-based/bin/../lib/gcc/avr/4.2.2/avr25/libgcc.a(_copy_data.o)
 .text          0x000003e6        0x0 /home/strnbrg59/usr/avr/gcc422-based/bin/../lib/gcc/avr/4.2.2/avr25/libgcc.a(_clear_bss.o)
 .text          0x000003e6       0x44 /home/strnbrg59/usr/avr/gcc422-based/bin/../lib/gcc/avr/4.2.2/avr25/libgcc.a(_fixunssfsi.o)
                0x000003e6                __fixunssfsi
 .text          0x0000042a      0x32c /home/strnbrg59/usr/avr/gcc422-based/bin/../lib/gcc/avr/4.2.2/avr25/libgcc.a(_addsub_sf.o)
                0x000006b2                __subsf3
                0x00000708                __addsf3
 .text          0x00000756      0x1f4 /home/strnbrg59/usr/avr/gcc422-based/bin/../lib/gcc/avr/4.2.2/avr25/libgcc.a(_mul_sf.o)
                0x00000756                __mulsf3
 .text          0x0000094a      0x160 /home/strnbrg59/usr/avr/gcc422-based/bin/../lib/gcc/avr/4.2.2/avr25/libgcc.a(_div_sf.o)
                0x0000094a                __divsf3
 .text          0x00000aaa       0x62 /home/strnbrg59/usr/avr/gcc422-based/bin/../lib/gcc/avr/4.2.2/avr25/libgcc.a(_gt_sf.o)
                0x00000aaa                __gtsf2
 .text          0x00000b0c       0x62 /home/strnbrg59/usr/avr/gcc422-based/bin/../lib/gcc/avr/4.2.2/avr25/libgcc.a(_ge_sf.o)
                0x00000b0c                __gesf2
 .text          0x00000b6e       0x62 /home/strnbrg59/usr/avr/gcc422-based/bin/../lib/gcc/avr/4.2.2/avr25/libgcc.a(_lt_sf.o)
                0x00000b6e                __ltsf2
 .text          0x00000bd0       0xb4 /home/strnbrg59/usr/avr/gcc422-based/bin/../lib/gcc/avr/4.2.2/avr25/libgcc.a(_si_to_sf.o)
                0x00000bd0                __floatsisf
 .text          0x00000c84       0xa0 /home/strnbrg59/usr/avr/gcc422-based/bin/../lib/gcc/avr/4.2.2/avr25/libgcc.a(_sf_to_si.o)
                0x00000c84                __fixsfsi
 .text          0x00000d24        0x0 /home/strnbrg59/usr/avr/gcc422-based/bin/../lib/gcc/avr/4.2.2/avr25/libgcc.a(_thenan_sf.o)
 .text          0x00000d24        0x0 /home/strnbrg59/usr/avr/gcc422-based/bin/../lib/gcc/avr/4.2.2/avr25/libgcc.a(_prologue.o)
 .text          0x00000d24        0x0 /home/strnbrg59/usr/avr/gcc422-based/bin/../lib/gcc/avr/4.2.2/avr25/libgcc.a(_epilogue.o)
 .text          0x00000d24       0x9a /home/strnbrg59/usr/avr/gcc422-based/bin/../lib/gcc/avr/4.2.2/avr25/libgcc.a(_clzsi2.o)
                0x00000d24                __clzsi2
 .text          0x00000dbe      0x1c0 /home/strnbrg59/usr/avr/gcc422-based/bin/../lib/gcc/avr/4.2.2/avr25/libgcc.a(_pack_sf.o)
                0x00000dbe                __pack_f
 .text          0x00000f7e       0xe0 /home/strnbrg59/usr/avr/gcc422-based/bin/../lib/gcc/avr/4.2.2/avr25/libgcc.a(_unpack_sf.o)
                0x00000f7e                __unpack_f
 .text          0x0000105e       0xac /home/strnbrg59/usr/avr/gcc422-based/bin/../lib/gcc/avr/4.2.2/avr25/libgcc.a(_fpcmp_parts_sf.o)
                0x0000105e                __fpcmp_parts_f
 .text          0x0000110a        0x0 /home/strnbrg59/usr/avr/gcc422-based/bin/../lib/gcc/avr/4.2.2/avr25/libgcc.a(_clz.o)
                0x0000110a                . = ALIGN (0x2)
 *(.text.*)
 .text.libgcc   0x0000110a        0x0 /home/strnbrg59/usr/avr/gcc422-based/bin/../lib/gcc/avr/4.2.2/avr25/libgcc.a(_exit.o)
 .text.libgcc   0x0000110a        0x0 /home/strnbrg59/usr/avr/gcc422-based/bin/../lib/gcc/avr/4.2.2/avr25/libgcc.a(_copy_data.o)
 .text.libgcc   0x0000110a        0x0 /home/strnbrg59/usr/avr/gcc422-based/bin/../lib/gcc/avr/4.2.2/avr25/libgcc.a(_clear_bss.o)
 .text.libgcc   0x0000110a       0x38 /home/strnbrg59/usr/avr/gcc422-based/bin/../lib/gcc/avr/4.2.2/avr25/libgcc.a(_prologue.o)
                0x0000110a                __prologue_saves__
 .text.libgcc   0x00001142       0x36 /home/strnbrg59/usr/avr/gcc422-based/bin/../lib/gcc/avr/4.2.2/avr25/libgcc.a(_epilogue.o)
                0x00001142                __epilogue_restores__
                0x00001178                . = ALIGN (0x2)
 *(.fini9)
 .fini9         0x00001178        0x0 /home/strnbrg59/usr/avr/gcc422-based/bin/../lib/gcc/avr/4.2.2/avr25/libgcc.a(_exit.o)
                0x00001178                exit
                0x00001178                _exit
 *(.fini9)
 *(.fini8)
 *(.fini8)
 *(.fini7)
 *(.fini7)
 *(.fini6)
 *(.fini6)
 *(.fini5)
 *(.fini5)
 *(.fini4)
 *(.fini4)
 *(.fini3)
 *(.fini3)
 *(.fini2)
 *(.fini2)
 *(.fini1)
 *(.fini1)
 *(.fini0)
 .fini0         0x00001178        0x2 /home/strnbrg59/usr/avr/gcc422-based/bin/../lib/gcc/avr/4.2.2/avr25/libgcc.a(_exit.o)
 *(.fini0)
                0x0000117a                _etext = .

.data           0x00800060      0x108 load address 0x0000117a
                0x00800060                PROVIDE (__data_start, .)
 *(.data)
 .data          0x00800060        0x0 /home/strnbrg59/usr/avr/gcc422-based/bin/../lib/gcc/avr/4.2.2/../../../../avr/lib/avr25/crttn85.o
 .data          0x00800060        0x0 attiny85.o
 .data          0x00800060        0x0 /home/strnbrg59/usr/avr/gcc422-based/bin/../lib/gcc/avr/4.2.2/avr25/libgcc.a(_exit.o)
 .data          0x00800060        0x0 /home/strnbrg59/usr/avr/gcc422-based/bin/../lib/gcc/avr/4.2.2/avr25/libgcc.a(_copy_data.o)
 .data          0x00800060        0x0 /home/strnbrg59/usr/avr/gcc422-based/bin/../lib/gcc/avr/4.2.2/avr25/libgcc.a(_clear_bss.o)
 .data          0x00800060        0x0 /home/strnbrg59/usr/avr/gcc422-based/bin/../lib/gcc/avr/4.2.2/avr25/libgcc.a(_fixunssfsi.o)
 .data          0x00800060        0x0 /home/strnbrg59/usr/avr/gcc422-based/bin/../lib/gcc/avr/4.2.2/avr25/libgcc.a(_addsub_sf.o)
 .data          0x00800060        0x0 /home/strnbrg59/usr/avr/gcc422-based/bin/../lib/gcc/avr/4.2.2/avr25/libgcc.a(_mul_sf.o)
 .data          0x00800060        0x0 /home/strnbrg59/usr/avr/gcc422-based/bin/../lib/gcc/avr/4.2.2/avr25/libgcc.a(_div_sf.o)
 .data          0x00800060        0x0 /home/strnbrg59/usr/avr/gcc422-based/bin/../lib/gcc/avr/4.2.2/avr25/libgcc.a(_gt_sf.o)
 .data          0x00800060        0x0 /home/strnbrg59/usr/avr/gcc422-based/bin/../lib/gcc/avr/4.2.2/avr25/libgcc.a(_ge_sf.o)
 .data          0x00800060        0x0 /home/strnbrg59/usr/avr/gcc422-based/bin/../lib/gcc/avr/4.2.2/avr25/libgcc.a(_lt_sf.o)
 .data          0x00800060        0x0 /home/strnbrg59/usr/avr/gcc422-based/bin/../lib/gcc/avr/4.2.2/avr25/libgcc.a(_si_to_sf.o)
 .data          0x00800060        0x0 /home/strnbrg59/usr/avr/gcc422-based/bin/../lib/gcc/avr/4.2.2/avr25/libgcc.a(_sf_to_si.o)
 .data          0x00800060        0x8 /home/strnbrg59/usr/avr/gcc422-based/bin/../lib/gcc/avr/4.2.2/avr25/libgcc.a(_thenan_sf.o)
                0x00800060                __thenan_sf
 .data          0x00800068        0x0 /home/strnbrg59/usr/avr/gcc422-based/bin/../lib/gcc/avr/4.2.2/avr25/libgcc.a(_prologue.o)
 .data          0x00800068        0x0 /home/strnbrg59/usr/avr/gcc422-based/bin/../lib/gcc/avr/4.2.2/avr25/libgcc.a(_epilogue.o)
 .data          0x00800068        0x0 /home/strnbrg59/usr/avr/gcc422-based/bin/../lib/gcc/avr/4.2.2/avr25/libgcc.a(_clzsi2.o)
 .data          0x00800068        0x0 /home/strnbrg59/usr/avr/gcc422-based/bin/../lib/gcc/avr/4.2.2/avr25/libgcc.a(_pack_sf.o)
 .data          0x00800068        0x0 /home/strnbrg59/usr/avr/gcc422-based/bin/../lib/gcc/avr/4.2.2/avr25/libgcc.a(_unpack_sf.o)
 .data          0x00800068        0x0 /home/strnbrg59/usr/avr/gcc422-based/bin/../lib/gcc/avr/4.2.2/avr25/libgcc.a(_fpcmp_parts_sf.o)
 .data          0x00800068      0x100 /home/strnbrg59/usr/avr/gcc422-based/bin/../lib/gcc/avr/4.2.2/avr25/libgcc.a(_clz.o)
                0x00800068                __clz_tab
 *(.data*)
 *(.rodata)
 *(.rodata*)
 *(.gnu.linkonce.d*)
                0x00800168                . = ALIGN (0x2)
                0x00800168                _edata = .
                0x00800168                PROVIDE (__data_end, .)

.bss            0x00800168        0x0 load address 0x00001282
                0x00800168                PROVIDE (__bss_start, .)
 *(.bss)
 .bss           0x00800168        0x0 /home/strnbrg59/usr/avr/gcc422-based/bin/../lib/gcc/avr/4.2.2/../../../../avr/lib/avr25/crttn85.o
 .bss           0x00800168        0x0 attiny85.o
 .bss           0x00800168        0x0 /home/strnbrg59/usr/avr/gcc422-based/bin/../lib/gcc/avr/4.2.2/avr25/libgcc.a(_exit.o)
 .bss           0x00800168        0x0 /home/strnbrg59/usr/avr/gcc422-based/bin/../lib/gcc/avr/4.2.2/avr25/libgcc.a(_copy_data.o)
 .bss           0x00800168        0x0 /home/strnbrg59/usr/avr/gcc422-based/bin/../lib/gcc/avr/4.2.2/avr25/libgcc.a(_clear_bss.o)
 .bss           0x00800168        0x0 /home/strnbrg59/usr/avr/gcc422-based/bin/../lib/gcc/avr/4.2.2/avr25/libgcc.a(_fixunssfsi.o)
 .bss           0x00800168        0x0 /home/strnbrg59/usr/avr/gcc422-based/bin/../lib/gcc/avr/4.2.2/avr25/libgcc.a(_addsub_sf.o)
 .bss           0x00800168        0x0 /home/strnbrg59/usr/avr/gcc422-based/bin/../lib/gcc/avr/4.2.2/avr25/libgcc.a(_mul_sf.o)
 .bss           0x00800168        0x0 /home/strnbrg59/usr/avr/gcc422-based/bin/../lib/gcc/avr/4.2.2/avr25/libgcc.a(_div_sf.o)
 .bss           0x00800168        0x0 /home/strnbrg59/usr/avr/gcc422-based/bin/../lib/gcc/avr/4.2.2/avr25/libgcc.a(_gt_sf.o)
 .bss           0x00800168        0x0 /home/strnbrg59/usr/avr/gcc422-based/bin/../lib/gcc/avr/4.2.2/avr25/libgcc.a(_ge_sf.o)
 .bss           0x00800168        0x0 /home/strnbrg59/usr/avr/gcc422-based/bin/../lib/gcc/avr/4.2.2/avr25/libgcc.a(_lt_sf.o)
 .bss           0x00800168        0x0 /home/strnbrg59/usr/avr/gcc422-based/bin/../lib/gcc/avr/4.2.2/avr25/libgcc.a(_si_to_sf.o)
 .bss           0x00800168        0x0 /home/strnbrg59/usr/avr/gcc422-based/bin/../lib/gcc/avr/4.2.2/avr25/libgcc.a(_sf_to_si.o)
 .bss           0x00800168        0x0 /home/strnbrg59/usr/avr/gcc422-based/bin/../lib/gcc/avr/4.2.2/avr25/libgcc.a(_thenan_sf.o)
 .bss           0x00800168        0x0 /home/strnbrg59/usr/avr/gcc422-based/bin/../lib/gcc/avr/4.2.2/avr25/libgcc.a(_prologue.o)
 .bss           0x00800168        0x0 /home/strnbrg59/usr/avr/gcc422-based/bin/../lib/gcc/avr/4.2.2/avr25/libgcc.a(_epilogue.o)
 .bss           0x00800168        0x0 /home/strnbrg59/usr/avr/gcc422-based/bin/../lib/gcc/avr/4.2.2/avr25/libgcc.a(_clzsi2.o)
 .bss           0x00800168        0x0 /home/strnbrg59/usr/avr/gcc422-based/bin/../lib/gcc/avr/4.2.2/avr25/libgcc.a(_pack_sf.o)
 .bss           0x00800168        0x0 /home/strnbrg59/usr/avr/gcc422-based/bin/../lib/gcc/avr/4.2.2/avr25/libgcc.a(_unpack_sf.o)
 .bss           0x00800168        0x0 /home/strnbrg59/usr/avr/gcc422-based/bin/../lib/gcc/avr/4.2.2/avr25/libgcc.a(_fpcmp_parts_sf.o)
 .bss           0x00800168        0x0 /home/strnbrg59/usr/avr/gcc422-based/bin/../lib/gcc/avr/4.2.2/avr25/libgcc.a(_clz.o)
 *(.bss*)
 *(COMMON)
                0x00800168                PROVIDE (__bss_end, .)
                0x0000117a                __data_load_start = LOADADDR (.data)
                0x00001282                __data_load_end = (__data_load_start + SIZEOF (.data))

.noinit         0x00800168        0x0
                0x00800168                PROVIDE (__noinit_start, .)
 *(.noinit*)
                0x00800168                PROVIDE (__noinit_end, .)
                0x00800168                _end = .
                0x00800168                PROVIDE (__heap_start, .)

.eeprom         0x00810000        0x0
 *(.eeprom*)
                0x00810000                __eeprom_end = .

.fuse
 *(.fuse)
 *(.lfuse)
 *(.hfuse)
 *(.efuse)

.lock
 *(.lock*)

.signature
 *(.signature*)

.stab           0x00000000      0x378
 *(.stab)
 .stab          0x00000000      0x378 /home/strnbrg59/usr/avr/gcc422-based/bin/../lib/gcc/avr/4.2.2/../../../../avr/lib/avr25/crttn85.o

.stabstr        0x00000000       0x70
 *(.stabstr)
 .stabstr       0x00000000       0x70 /home/strnbrg59/usr/avr/gcc422-based/bin/../lib/gcc/avr/4.2.2/../../../../avr/lib/avr25/crttn85.o

.stab.excl
 *(.stab.excl)

.stab.exclstr
 *(.stab.exclstr)

.stab.index
 *(.stab.index)

.stab.indexstr
 *(.stab.indexstr)

.comment
 *(.comment)

.debug
 *(.debug)

.line
 *(.line)

.debug_srcinfo
 *(.debug_srcinfo)

.debug_sfnames
 *(.debug_sfnames)

.debug_aranges  0x00000000      0x1c0
 *(.debug_aranges)
 .debug_aranges
                0x00000000       0x20 attiny85.o
 .debug_aranges
                0x00000020       0x20 /home/strnbrg59/usr/avr/gcc422-based/bin/../lib/gcc/avr/4.2.2/avr25/libgcc.a(_fixunssfsi.o)
 .debug_aranges
                0x00000040       0x20 /home/strnbrg59/usr/avr/gcc422-based/bin/../lib/gcc/avr/4.2.2/avr25/libgcc.a(_addsub_sf.o)
 .debug_aranges
                0x00000060       0x20 /home/strnbrg59/usr/avr/gcc422-based/bin/../lib/gcc/avr/4.2.2/avr25/libgcc.a(_mul_sf.o)
 .debug_aranges
                0x00000080       0x20 /home/strnbrg59/usr/avr/gcc422-based/bin/../lib/gcc/avr/4.2.2/avr25/libgcc.a(_div_sf.o)
 .debug_aranges
                0x000000a0       0x20 /home/strnbrg59/usr/avr/gcc422-based/bin/../lib/gcc/avr/4.2.2/avr25/libgcc.a(_gt_sf.o)
 .debug_aranges
                0x000000c0       0x20 /home/strnbrg59/usr/avr/gcc422-based/bin/../lib/gcc/avr/4.2.2/avr25/libgcc.a(_ge_sf.o)
 .debug_aranges
                0x000000e0       0x20 /home/strnbrg59/usr/avr/gcc422-based/bin/../lib/gcc/avr/4.2.2/avr25/libgcc.a(_lt_sf.o)
 .debug_aranges
                0x00000100       0x20 /home/strnbrg59/usr/avr/gcc422-based/bin/../lib/gcc/avr/4.2.2/avr25/libgcc.a(_si_to_sf.o)
 .debug_aranges
                0x00000120       0x20 /home/strnbrg59/usr/avr/gcc422-based/bin/../lib/gcc/avr/4.2.2/avr25/libgcc.a(_sf_to_si.o)
 .debug_aranges
                0x00000140       0x20 /home/strnbrg59/usr/avr/gcc422-based/bin/../lib/gcc/avr/4.2.2/avr25/libgcc.a(_clzsi2.o)
 .debug_aranges
                0x00000160       0x20 /home/strnbrg59/usr/avr/gcc422-based/bin/../lib/gcc/avr/4.2.2/avr25/libgcc.a(_pack_sf.o)
 .debug_aranges
                0x00000180       0x20 /home/strnbrg59/usr/avr/gcc422-based/bin/../lib/gcc/avr/4.2.2/avr25/libgcc.a(_unpack_sf.o)
 .debug_aranges
                0x000001a0       0x20 /home/strnbrg59/usr/avr/gcc422-based/bin/../lib/gcc/avr/4.2.2/avr25/libgcc.a(_fpcmp_parts_sf.o)

.debug_pubnames
                0x00000000      0x272
 *(.debug_pubnames)
 .debug_pubnames
                0x00000000       0x82 attiny85.o
 .debug_pubnames
                0x00000082       0x23 /home/strnbrg59/usr/avr/gcc422-based/bin/../lib/gcc/avr/4.2.2/avr25/libgcc.a(_fixunssfsi.o)
 .debug_pubnames
                0x000000a5       0x2c /home/strnbrg59/usr/avr/gcc422-based/bin/../lib/gcc/avr/4.2.2/avr25/libgcc.a(_addsub_sf.o)
 .debug_pubnames
                0x000000d1       0x1f /home/strnbrg59/usr/avr/gcc422-based/bin/../lib/gcc/avr/4.2.2/avr25/libgcc.a(_mul_sf.o)
 .debug_pubnames
                0x000000f0       0x1f /home/strnbrg59/usr/avr/gcc422-based/bin/../lib/gcc/avr/4.2.2/avr25/libgcc.a(_div_sf.o)
 .debug_pubnames
                0x0000010f       0x1e /home/strnbrg59/usr/avr/gcc422-based/bin/../lib/gcc/avr/4.2.2/avr25/libgcc.a(_gt_sf.o)
 .debug_pubnames
                0x0000012d       0x1e /home/strnbrg59/usr/avr/gcc422-based/bin/../lib/gcc/avr/4.2.2/avr25/libgcc.a(_ge_sf.o)
 .debug_pubnames
                0x0000014b       0x1e /home/strnbrg59/usr/avr/gcc422-based/bin/../lib/gcc/avr/4.2.2/avr25/libgcc.a(_lt_sf.o)
 .debug_pubnames
                0x00000169       0x22 /home/strnbrg59/usr/avr/gcc422-based/bin/../lib/gcc/avr/4.2.2/avr25/libgcc.a(_si_to_sf.o)
 .debug_pubnames
                0x0000018b       0x20 /home/strnbrg59/usr/avr/gcc422-based/bin/../lib/gcc/avr/4.2.2/avr25/libgcc.a(_sf_to_si.o)
 .debug_pubnames
                0x000001ab       0x22 /home/strnbrg59/usr/avr/gcc422-based/bin/../lib/gcc/avr/4.2.2/avr25/libgcc.a(_thenan_sf.o)
 .debug_pubnames
                0x000001cd       0x1f /home/strnbrg59/usr/avr/gcc422-based/bin/../lib/gcc/avr/4.2.2/avr25/libgcc.a(_clzsi2.o)
 .debug_pubnames
                0x000001ec       0x1f /home/strnbrg59/usr/avr/gcc422-based/bin/../lib/gcc/avr/4.2.2/avr25/libgcc.a(_pack_sf.o)
 .debug_pubnames
                0x0000020b       0x21 /home/strnbrg59/usr/avr/gcc422-based/bin/../lib/gcc/avr/4.2.2/avr25/libgcc.a(_unpack_sf.o)
 .debug_pubnames
                0x0000022c       0x26 /home/strnbrg59/usr/avr/gcc422-based/bin/../lib/gcc/avr/4.2.2/avr25/libgcc.a(_fpcmp_parts_sf.o)
 .debug_pubnames
                0x00000252       0x20 /home/strnbrg59/usr/avr/gcc422-based/bin/../lib/gcc/avr/4.2.2/avr25/libgcc.a(_clz.o)

.debug_info     0x00000000     0x2878
 *(.debug_info)
 .debug_info    0x00000000      0x522 attiny85.o
 .debug_info    0x00000522       0xaa /home/strnbrg59/usr/avr/gcc422-based/bin/../lib/gcc/avr/4.2.2/avr25/libgcc.a(_fixunssfsi.o)
 .debug_info    0x000005cc      0x46e /home/strnbrg59/usr/avr/gcc422-based/bin/../lib/gcc/avr/4.2.2/avr25/libgcc.a(_addsub_sf.o)
 .debug_info    0x00000a3a      0x42d /home/strnbrg59/usr/avr/gcc422-based/bin/../lib/gcc/avr/4.2.2/avr25/libgcc.a(_mul_sf.o)
 .debug_info    0x00000e67      0x39a /home/strnbrg59/usr/avr/gcc422-based/bin/../lib/gcc/avr/4.2.2/avr25/libgcc.a(_div_sf.o)
 .debug_info    0x00001201      0x283 /home/strnbrg59/usr/avr/gcc422-based/bin/../lib/gcc/avr/4.2.2/avr25/libgcc.a(_gt_sf.o)
 .debug_info    0x00001484      0x283 /home/strnbrg59/usr/avr/gcc422-based/bin/../lib/gcc/avr/4.2.2/avr25/libgcc.a(_ge_sf.o)
 .debug_info    0x00001707      0x283 /home/strnbrg59/usr/avr/gcc422-based/bin/../lib/gcc/avr/4.2.2/avr25/libgcc.a(_lt_sf.o)
 .debug_info    0x0000198a      0x207 /home/strnbrg59/usr/avr/gcc422-based/bin/../lib/gcc/avr/4.2.2/avr25/libgcc.a(_si_to_sf.o)
 .debug_info    0x00001b91      0x2b4 /home/strnbrg59/usr/avr/gcc422-based/bin/../lib/gcc/avr/4.2.2/avr25/libgcc.a(_sf_to_si.o)
 .debug_info    0x00001e45      0x12c /home/strnbrg59/usr/avr/gcc422-based/bin/../lib/gcc/avr/4.2.2/avr25/libgcc.a(_thenan_sf.o)
 .debug_info    0x00001f71      0x110 /home/strnbrg59/usr/avr/gcc422-based/bin/../lib/gcc/avr/4.2.2/avr25/libgcc.a(_clzsi2.o)
 .debug_info    0x00002081      0x2f0 /home/strnbrg59/usr/avr/gcc422-based/bin/../lib/gcc/avr/4.2.2/avr25/libgcc.a(_pack_sf.o)
 .debug_info    0x00002371      0x255 /home/strnbrg59/usr/avr/gcc422-based/bin/../lib/gcc/avr/4.2.2/avr25/libgcc.a(_unpack_sf.o)
 .debug_info    0x000025c6      0x210 /home/strnbrg59/usr/avr/gcc422-based/bin/../lib/gcc/avr/4.2.2/avr25/libgcc.a(_fpcmp_parts_sf.o)
 .debug_info    0x000027d6       0xa2 /home/strnbrg59/usr/avr/gcc422-based/bin/../lib/gcc/avr/4.2.2/avr25/libgcc.a(_clz.o)
 *(.gnu.linkonce.wi.*)

.debug_abbrev   0x00000000     0x14d1
 *(.debug_abbrev)
 .debug_abbrev  0x00000000      0x1b1 attiny85.o
 .debug_abbrev  0x000001b1       0x5d /home/strnbrg59/usr/avr/gcc422-based/bin/../lib/gcc/avr/4.2.2/avr25/libgcc.a(_fixunssfsi.o)
 .debug_abbrev  0x0000020e      0x1db /home/strnbrg59/usr/avr/gcc422-based/bin/../lib/gcc/avr/4.2.2/avr25/libgcc.a(_addsub_sf.o)
 .debug_abbrev  0x000003e9      0x20c /home/strnbrg59/usr/avr/gcc422-based/bin/../lib/gcc/avr/4.2.2/avr25/libgcc.a(_mul_sf.o)
 .debug_abbrev  0x000005f5      0x1ea /home/strnbrg59/usr/avr/gcc422-based/bin/../lib/gcc/avr/4.2.2/avr25/libgcc.a(_div_sf.o)
 .debug_abbrev  0x000007df      0x15a /home/strnbrg59/usr/avr/gcc422-based/bin/../lib/gcc/avr/4.2.2/avr25/libgcc.a(_gt_sf.o)
 .debug_abbrev  0x00000939      0x15a /home/strnbrg59/usr/avr/gcc422-based/bin/../lib/gcc/avr/4.2.2/avr25/libgcc.a(_ge_sf.o)
 .debug_abbrev  0x00000a93      0x15a /home/strnbrg59/usr/avr/gcc422-based/bin/../lib/gcc/avr/4.2.2/avr25/libgcc.a(_lt_sf.o)
 .debug_abbrev  0x00000bed      0x148 /home/strnbrg59/usr/avr/gcc422-based/bin/../lib/gcc/avr/4.2.2/avr25/libgcc.a(_si_to_sf.o)
 .debug_abbrev  0x00000d35      0x17f /home/strnbrg59/usr/avr/gcc422-based/bin/../lib/gcc/avr/4.2.2/avr25/libgcc.a(_sf_to_si.o)
 .debug_abbrev  0x00000eb4       0xad /home/strnbrg59/usr/avr/gcc422-based/bin/../lib/gcc/avr/4.2.2/avr25/libgcc.a(_thenan_sf.o)
 .debug_abbrev  0x00000f61       0xc4 /home/strnbrg59/usr/avr/gcc422-based/bin/../lib/gcc/avr/4.2.2/avr25/libgcc.a(_clzsi2.o)
 .debug_abbrev  0x00001025      0x1b3 /home/strnbrg59/usr/avr/gcc422-based/bin/../lib/gcc/avr/4.2.2/avr25/libgcc.a(_pack_sf.o)
 .debug_abbrev  0x000011d8      0x154 /home/strnbrg59/usr/avr/gcc422-based/bin/../lib/gcc/avr/4.2.2/avr25/libgcc.a(_unpack_sf.o)
 .debug_abbrev  0x0000132c      0x13b /home/strnbrg59/usr/avr/gcc422-based/bin/../lib/gcc/avr/4.2.2/avr25/libgcc.a(_fpcmp_parts_sf.o)
 .debug_abbrev  0x00001467       0x6a /home/strnbrg59/usr/avr/gcc422-based/bin/../lib/gcc/avr/4.2.2/avr25/libgcc.a(_clz.o)

.debug_line     0x00000000     0x143c
 *(.debug_line)
 .debug_line    0x00000000      0x3a4 attiny85.o
 .debug_line    0x000003a4       0x9c /home/strnbrg59/usr/avr/gcc422-based/bin/../lib/gcc/avr/4.2.2/avr25/libgcc.a(_fixunssfsi.o)
 .debug_line    0x00000440      0x27f /home/strnbrg59/usr/avr/gcc422-based/bin/../lib/gcc/avr/4.2.2/avr25/libgcc.a(_addsub_sf.o)
 .debug_line    0x000006bf      0x20f /home/strnbrg59/usr/avr/gcc422-based/bin/../lib/gcc/avr/4.2.2/avr25/libgcc.a(_mul_sf.o)
 .debug_line    0x000008ce      0x1a2 /home/strnbrg59/usr/avr/gcc422-based/bin/../lib/gcc/avr/4.2.2/avr25/libgcc.a(_div_sf.o)
 .debug_line    0x00000a70       0xc9 /home/strnbrg59/usr/avr/gcc422-based/bin/../lib/gcc/avr/4.2.2/avr25/libgcc.a(_gt_sf.o)
 .debug_line    0x00000b39       0xc9 /home/strnbrg59/usr/avr/gcc422-based/bin/../lib/gcc/avr/4.2.2/avr25/libgcc.a(_ge_sf.o)
 .debug_line    0x00000c02       0xc9 /home/strnbrg59/usr/avr/gcc422-based/bin/../lib/gcc/avr/4.2.2/avr25/libgcc.a(_lt_sf.o)
 .debug_line    0x00000ccb      0x113 /home/strnbrg59/usr/avr/gcc422-based/bin/../lib/gcc/avr/4.2.2/avr25/libgcc.a(_si_to_sf.o)
 .debug_line    0x00000dde       0xf7 /home/strnbrg59/usr/avr/gcc422-based/bin/../lib/gcc/avr/4.2.2/avr25/libgcc.a(_sf_to_si.o)
 .debug_line    0x00000ed5       0x7e /home/strnbrg59/usr/avr/gcc422-based/bin/../lib/gcc/avr/4.2.2/avr25/libgcc.a(_thenan_sf.o)
 .debug_line    0x00000f53       0xa2 /home/strnbrg59/usr/avr/gcc422-based/bin/../lib/gcc/avr/4.2.2/avr25/libgcc.a(_clzsi2.o)
 .debug_line    0x00000ff5      0x178 /home/strnbrg59/usr/avr/gcc422-based/bin/../lib/gcc/avr/4.2.2/avr25/libgcc.a(_pack_sf.o)
 .debug_line    0x0000116d      0x139 /home/strnbrg59/usr/avr/gcc422-based/bin/../lib/gcc/avr/4.2.2/avr25/libgcc.a(_unpack_sf.o)
 .debug_line    0x000012a6      0x11d /home/strnbrg59/usr/avr/gcc422-based/bin/../lib/gcc/avr/4.2.2/avr25/libgcc.a(_fpcmp_parts_sf.o)
 .debug_line    0x000013c3       0x79 /home/strnbrg59/usr/avr/gcc422-based/bin/../lib/gcc/avr/4.2.2/avr25/libgcc.a(_clz.o)

.debug_frame    0x00000000      0x220
 *(.debug_frame)
 .debug_frame   0x00000000       0x60 attiny85.o
 .debug_frame   0x00000060       0x20 /home/strnbrg59/usr/avr/gcc422-based/bin/../lib/gcc/avr/4.2.2/avr25/libgcc.a(_fixunssfsi.o)
 .debug_frame   0x00000080       0x40 /home/strnbrg59/usr/avr/gcc422-based/bin/../lib/gcc/avr/4.2.2/avr25/libgcc.a(_addsub_sf.o)
 .debug_frame   0x000000c0       0x20 /home/strnbrg59/usr/avr/gcc422-based/bin/../lib/gcc/avr/4.2.2/avr25/libgcc.a(_mul_sf.o)
 .debug_frame   0x000000e0       0x20 /home/strnbrg59/usr/avr/gcc422-based/bin/../lib/gcc/avr/4.2.2/avr25/libgcc.a(_div_sf.o)
 .debug_frame   0x00000100       0x20 /home/strnbrg59/usr/avr/gcc422-based/bin/../lib/gcc/avr/4.2.2/avr25/libgcc.a(_gt_sf.o)
 .debug_frame   0x00000120       0x20 /home/strnbrg59/usr/avr/gcc422-based/bin/../lib/gcc/avr/4.2.2/avr25/libgcc.a(_ge_sf.o)
 .debug_frame   0x00000140       0x20 /home/strnbrg59/usr/avr/gcc422-based/bin/../lib/gcc/avr/4.2.2/avr25/libgcc.a(_lt_sf.o)
 .debug_frame   0x00000160       0x20 /home/strnbrg59/usr/avr/gcc422-based/bin/../lib/gcc/avr/4.2.2/avr25/libgcc.a(_si_to_sf.o)
 .debug_frame   0x00000180       0x20 /home/strnbrg59/usr/avr/gcc422-based/bin/../lib/gcc/avr/4.2.2/avr25/libgcc.a(_sf_to_si.o)
 .debug_frame   0x000001a0       0x20 /home/strnbrg59/usr/avr/gcc422-based/bin/../lib/gcc/avr/4.2.2/avr25/libgcc.a(_clzsi2.o)
 .debug_frame   0x000001c0       0x20 /home/strnbrg59/usr/avr/gcc422-based/bin/../lib/gcc/avr/4.2.2/avr25/libgcc.a(_pack_sf.o)
 .debug_frame   0x000001e0       0x20 /home/strnbrg59/usr/avr/gcc422-based/bin/../lib/gcc/avr/4.2.2/avr25/libgcc.a(_unpack_sf.o)
 .debug_frame   0x00000200       0x20 /home/strnbrg59/usr/avr/gcc422-based/bin/../lib/gcc/avr/4.2.2/avr25/libgcc.a(_fpcmp_parts_sf.o)

.debug_str      0x00000000      0x3fa
 *(.debug_str)
 .debug_str     0x00000000      0x140 attiny85.o
                                0x179 (size before relaxing)
 .debug_str     0x00000140       0x95 /home/strnbrg59/usr/avr/gcc422-based/bin/../lib/gcc/avr/4.2.2/avr25/libgcc.a(_fixunssfsi.o)
                                0x102 (size before relaxing)
 .debug_str     0x000001d5      0x13e /home/strnbrg59/usr/avr/gcc422-based/bin/../lib/gcc/avr/4.2.2/avr25/libgcc.a(_addsub_sf.o)
                                0x206 (size before relaxing)
 .debug_str     0x00000313       0x27 /home/strnbrg59/usr/avr/gcc422-based/bin/../lib/gcc/avr/4.2.2/avr25/libgcc.a(_mul_sf.o)
                                0x1bf (size before relaxing)
 .debug_str     0x0000033a       0x35 /home/strnbrg59/usr/avr/gcc422-based/bin/../lib/gcc/avr/4.2.2/avr25/libgcc.a(_div_sf.o)
                                0x1c8 (size before relaxing)
 .debug_str     0x0000036f        0x8 /home/strnbrg59/usr/avr/gcc422-based/bin/../lib/gcc/avr/4.2.2/avr25/libgcc.a(_gt_sf.o)
                                0x195 (size before relaxing)
 .debug_str     0x00000377        0x8 /home/strnbrg59/usr/avr/gcc422-based/bin/../lib/gcc/avr/4.2.2/avr25/libgcc.a(_ge_sf.o)
                                0x195 (size before relaxing)
 .debug_str     0x0000037f        0x8 /home/strnbrg59/usr/avr/gcc422-based/bin/../lib/gcc/avr/4.2.2/avr25/libgcc.a(_lt_sf.o)
                                0x195 (size before relaxing)
 .debug_str     0x00000387       0x1e /home/strnbrg59/usr/avr/gcc422-based/bin/../lib/gcc/avr/4.2.2/avr25/libgcc.a(_si_to_sf.o)
                                0x17b (size before relaxing)
 .debug_str     0x000003a5        0xa /home/strnbrg59/usr/avr/gcc422-based/bin/../lib/gcc/avr/4.2.2/avr25/libgcc.a(_sf_to_si.o)
                                0x19e (size before relaxing)
 .debug_str     0x00000000      0x103 /home/strnbrg59/usr/avr/gcc422-based/bin/../lib/gcc/avr/4.2.2/avr25/libgcc.a(_thenan_sf.o)
 .debug_str     0x000003af       0x20 /home/strnbrg59/usr/avr/gcc422-based/bin/../lib/gcc/avr/4.2.2/avr25/libgcc.a(_clzsi2.o)
                                0x115 (size before relaxing)
 .debug_str     0x000003cf       0x10 /home/strnbrg59/usr/avr/gcc422-based/bin/../lib/gcc/avr/4.2.2/avr25/libgcc.a(_pack_sf.o)
                                0x19d (size before relaxing)
 .debug_str     0x000003df        0xb /home/strnbrg59/usr/avr/gcc422-based/bin/../lib/gcc/avr/4.2.2/avr25/libgcc.a(_unpack_sf.o)
                                0x17f (size before relaxing)
 .debug_str     0x000003ea       0x10 /home/strnbrg59/usr/avr/gcc422-based/bin/../lib/gcc/avr/4.2.2/avr25/libgcc.a(_fpcmp_parts_sf.o)
                                0x163 (size before relaxing)
 .debug_str     0x00000000       0xf8 /home/strnbrg59/usr/avr/gcc422-based/bin/../lib/gcc/avr/4.2.2/avr25/libgcc.a(_clz.o)

.debug_loc      0x00000000      0xe6c
 *(.debug_loc)
 .debug_loc     0x00000000      0x4da attiny85.o
 .debug_loc     0x000004da       0x34 /home/strnbrg59/usr/avr/gcc422-based/bin/../lib/gcc/avr/4.2.2/avr25/libgcc.a(_fixunssfsi.o)
 .debug_loc     0x0000050e      0x330 /home/strnbrg59/usr/avr/gcc422-based/bin/../lib/gcc/avr/4.2.2/avr25/libgcc.a(_addsub_sf.o)
 .debug_loc     0x0000083e      0x12a /home/strnbrg59/usr/avr/gcc422-based/bin/../lib/gcc/avr/4.2.2/avr25/libgcc.a(_mul_sf.o)
 .debug_loc     0x00000968       0xc0 /home/strnbrg59/usr/avr/gcc422-based/bin/../lib/gcc/avr/4.2.2/avr25/libgcc.a(_div_sf.o)
 .debug_loc     0x00000a28       0x3c /home/strnbrg59/usr/avr/gcc422-based/bin/../lib/gcc/avr/4.2.2/avr25/libgcc.a(_gt_sf.o)
 .debug_loc     0x00000a64       0x3c /home/strnbrg59/usr/avr/gcc422-based/bin/../lib/gcc/avr/4.2.2/avr25/libgcc.a(_ge_sf.o)
 .debug_loc     0x00000aa0       0x3c /home/strnbrg59/usr/avr/gcc422-based/bin/../lib/gcc/avr/4.2.2/avr25/libgcc.a(_lt_sf.o)
 .debug_loc     0x00000adc       0xac /home/strnbrg59/usr/avr/gcc422-based/bin/../lib/gcc/avr/4.2.2/avr25/libgcc.a(_si_to_sf.o)
 .debug_loc     0x00000b88       0x7e /home/strnbrg59/usr/avr/gcc422-based/bin/../lib/gcc/avr/4.2.2/avr25/libgcc.a(_sf_to_si.o)
 .debug_loc     0x00000c06       0x94 /home/strnbrg59/usr/avr/gcc422-based/bin/../lib/gcc/avr/4.2.2/avr25/libgcc.a(_clzsi2.o)
 .debug_loc     0x00000c9a       0xd6 /home/strnbrg59/usr/avr/gcc422-based/bin/../lib/gcc/avr/4.2.2/avr25/libgcc.a(_pack_sf.o)
 .debug_loc     0x00000d70       0xac /home/strnbrg59/usr/avr/gcc422-based/bin/../lib/gcc/avr/4.2.2/avr25/libgcc.a(_unpack_sf.o)
 .debug_loc     0x00000e1c       0x50 /home/strnbrg59/usr/avr/gcc422-based/bin/../lib/gcc/avr/4.2.2/avr25/libgcc.a(_fpcmp_parts_sf.o)

.debug_macinfo
 *(.debug_macinfo)
OUTPUT(attiny85.elf elf32-avr)
LOAD linker stubs

.debug_ranges   0x00000000       0x50
 .debug_ranges  0x00000000       0x50 /home/strnbrg59/usr/avr/gcc422-based/bin/../lib/gcc/avr/4.2.2/avr25/libgcc.a(_mul_sf.o)
